EQCJRglfvsQzAIF0UAhkYH6zkdGPFxVNYMH1nPTN_UpDqPrA
workchain: 0
